../Drivers/STM32WLxx_HAL_Driver/Inc/stm32wlxx_ll_bus.h:449:22:LL_AHB2_GRP1_EnableClock	24	static
../Core/Src/main.c:100:6:HAL_TIM_PeriodElapsedCallback	16	static
../Core/Src/main.c:133:6:delay_us	24	static
../Core/Src/main.c:141:6:myPrintf	16	static
../Core/Src/main.c:151:5:bufferSize	24	static
../Core/Src/main.c:158:10:calc_CRC	64	dynamic
../Core/Src/main.c:183:6:radioTxData	8	static
../Core/Src/main.c:216:5:main	24	static
../Core/Src/main.c:335:6:SystemClock_Config	112	static
../Core/Src/main.c:379:6:MX_SUBGHZ_Init	8	static
../Core/Src/main.c:403:13:MX_TIM1_Init	40	static
../Core/Src/main.c:447:13:MX_TIM2_Init	40	static
../Core/Src/main.c:489:13:MX_USART2_UART_Init	8	static
../Core/Src/main.c:534:13:MX_GPIO_Init	32	static
../Core/Src/main.c:582:6:DioIrqHndlr	32	static
../Core/Src/main.c:675:6:Error_Handler	4	static,ignoring_inline_asm
